// Jest Snapshot v1, https://goo.gl/fbAQLP

exports[`404 page matches snapshot 1`] = `
<div>
  <div
    class="sc-bdVaJa eMgOqm"
  >
    <h1
      class="sc-bwzfXH kfFPEG"
    >
      PAGE NOT FOUND
    </h1>
    <p
      class="sc-htpNat bUhMHN"
    >
      You just hit a route that doesn't exist... the sadness.
    </p>
    <a
      aria-current="page"
      class="sc-bxivhb OtERL"
      href="/"
    >
      Go Home
    </a>
  </div>
</div>
`;
